{
  "Precision": "ms",
  "measurementName": "application",
  "tags": {
    "application_name": "Blender"
  },
  "fields": {
    "v": "Blender"
  }
}
